**********************
Windows PowerShell transcript start
Start time: 20260930104928
Username: LAPTOP-3H5FCR3B\dulant
RunAs User: LAPTOP-3H5FCR3B\dulant
Configuration Name:
Machine: LAPTOP-3H5FCR3B (Microsoft Windows NT 10.0.22631.0)
Host Application: C:\Windows\System32\WindowsPowerShell\v1.0\powershell.exe -NoProfile -File .\tools\run_v01.ps1 -DatabaseName TokenHubDB_v01_A -RunLabel run_A
Process ID: 18716
PSVersion: 5.1.22621.4391
PSEdition: Desktop
PSCompatibleVersions: 1.0, 2.0, 3.0, 4.0, 5.0, 5.1.22621.4391
BuildVersion: 10.0.22621.4391
CLRVersion: 4.0.30319.42000
WSManStackVersion: 3.0
PSRemotingProtocolVersion: 2.3
SerializationVersion: 1.1.0.1
**********************

PASS 00_create_database.sql

PASS 01_create_tables.sql

PASS 02_insert_data.sql

PASS 03_crud_demo.sql

PASS query.sql

PASS view.sql

PASS constraint.sql

PASS role.sql

PASS verify.sql

PASS signature.sql
PASS v0.1 TokenHubDB_v01_A
**********************
Windows PowerShell transcript end
End time: 20260930104935
**********************
