Q11 - usage trend from UsageSummary (daily)
usage_day tokens_used upstream_consumed requests
--------- ----------- ----------------- --------
2026-09-22 171000 205200 85
2026-09-21 184500 221400 87
2026-09-20 162200 194640 77
2026-09-19 163000 195600 83
2026-09-18 166300 199560 86
2026-09-17 149100 178920 70
2026-09-16 81000 97200 45
2026-09-15 105800 126960 57
2026-09-14 148000 177600 67
2026-09-13 108600 130320 56
2026-09-12 109700 131640 51
2026-09-11 99700 119640 55
2026-09-10 108100 129720 51
2026-09-09 128700 154440 66
Q11 - monthly buckets
month_start month_end tokens_used upstream_consumed requests
----------- --------- ----------- ----------------- --------
2026-07-01 2026-07-31 1138400 1366080 573
2026-08-01 2026-08-31 2170400 2604480 1070
2026-09-01 2026-09-30 2731300 3277560 1357
-- daily rows must sum back to the monthly rows
daily_tokens monthly_tokens
------------ --------------
6040100 6040100
PASS Q11 usage trend
