A/B/C three-database signature comparison (14 base tables)
table_name rows_A sha_A sha_B sha_C result
---------- ------ ----- ----- ----- ------
Employees 6 3C7461DA6C51DF7F3C820CF35E3040A04147F2727D1E3253B1555C3AED7867FA 3C7461DA6C51DF7F3C820CF35E3040A04147F2727D1E3253B1555C3AED7867FA 3C7461DA6C51DF7F3C820CF35E3040A04147F2727D1E3253B1555C3AED7867FA MATCH
ExceptionLog 15 5DCCD7B2C657B07C41CF72913E2E14917BE9E0BF389AC7E79045C99C6F156713 5DCCD7B2C657B07C41CF72913E2E14917BE9E0BF389AC7E79045C99C6F156713 5DCCD7B2C657B07C41CF72913E2E14917BE9E0BF389AC7E79045C99C6F156713 MATCH
Inventory 8 3E0CF0804938761B3DB39CC30866057200E53F6E18522A6172874976098C2D3F 3E0CF0804938761B3DB39CC30866057200E53F6E18522A6172874976098C2D3F 3E0CF0804938761B3DB39CC30866057200E53F6E18522A6172874976098C2D3F MATCH
InventoryLog 3012 19F0BC288F77A8F83F93F0B5177D9C12979FCD2D3B5DE07E4C6983F392ABDBC0 19F0BC288F77A8F83F93F0B5177D9C12979FCD2D3B5DE07E4C6983F392ABDBC0 19F0BC288F77A8F83F93F0B5177D9C12979FCD2D3B5DE07E4C6983F392ABDBC0 MATCH
OrderDetails 184 5D3CEDFDCAFA648A943A1A98A674047A857E61EC97EEF28CE1B17506A2FCD48D 5D3CEDFDCAFA648A943A1A98A674047A857E61EC97EEF28CE1B17506A2FCD48D 5D3CEDFDCAFA648A943A1A98A674047A857E61EC97EEF28CE1B17506A2FCD48D MATCH
Orders 100 3EA710A28161034F28BBF45684DBF5039AB45AADF7501A149168A44CDDD42553 3EA710A28161034F28BBF45684DBF5039AB45AADF7501A149168A44CDDD42553 3EA710A28161034F28BBF45684DBF5039AB45AADF7501A149168A44CDDD42553 MATCH
Products 10 5A6981B09BF315D6D7572EACC8663235F2836218204CEAD6E9FF75DEB6A7EF89 5A6981B09BF315D6D7572EACC8663235F2836218204CEAD6E9FF75DEB6A7EF89 5A6981B09BF315D6D7572EACC8663235F2836218204CEAD6E9FF75DEB6A7EF89 MATCH
RestockTask 8 E1778F257B15BBEAAC316C05987F707D6C92DC04C8D9D8F04659C2310F840FC6 E1778F257B15BBEAAC316C05987F707D6C92DC04C8D9D8F04659C2310F840FC6 E1778F257B15BBEAAC316C05987F707D6C92DC04C8D9D8F04659C2310F840FC6 MATCH
Roles 3 1A9E13F34ECAB5238D54EF09FEBF93A0A606DFE4F66D90E6E0ACEFF77526BB01 1A9E13F34ECAB5238D54EF09FEBF93A0A606DFE4F66D90E6E0ACEFF77526BB01 1A9E13F34ECAB5238D54EF09FEBF93A0A606DFE4F66D90E6E0ACEFF77526BB01 MATCH
TokenBalances 61 1A810086ABA5AE1B1C7184B2A37A34AF8027B51E81B30B4876268A1169D15242 1A810086ABA5AE1B1C7184B2A37A34AF8027B51E81B30B4876268A1169D15242 1A810086ABA5AE1B1C7184B2A37A34AF8027B51E81B30B4876268A1169D15242 MATCH
TokenUsageLogs 3000 39D81C93449CE3F29D3A7FEF604D4BF3D3B600746903FA8C84E47C29B4B35619 39D81C93449CE3F29D3A7FEF604D4BF3D3B600746903FA8C84E47C29B4B35619 39D81C93449CE3F29D3A7FEF604D4BF3D3B600746903FA8C84E47C29B4B35619 MATCH
UpstreamAccount 8 39D65E7748D2E93C3097D2553A88D1ED80BA33B2234B428E272D7D17DB615A1C 39D65E7748D2E93C3097D2553A88D1ED80BA33B2234B428E272D7D17DB615A1C 39D65E7748D2E93C3097D2553A88D1ED80BA33B2234B428E272D7D17DB615A1C MATCH
UsageSummary 3394 9686993F3399135B538EB9738CD4C2D1496C7DE6545DB6757BE9044F311D2A87 9686993F3399135B538EB9738CD4C2D1496C7DE6545DB6757BE9044F311D2A87 9686993F3399135B538EB9738CD4C2D1496C7DE6545DB6757BE9044F311D2A87 MATCH
Users 40 BF26370272702548F3B611472E4A3374C3794C234371061DAE16CA5445CFAEB7 BF26370272702548F3B611472E4A3374C3794C234371061DAE16CA5445CFAEB7 BF26370272702548F3B611472E4A3374C3794C234371061DAE16CA5445CFAEB7 MATCH
tables_compared tables_matching
--------------- ---------------
14 14
